// Jest Snapshot v1, https://goo.gl/fbAQLP

exports[`DetailScreen renders correctly 1`] = `null`;
