// Jest Snapshot v1, https://goo.gl/fbAQLP

exports[`HtmlScreen renders correctly 1`] = `
<RCTSafeAreaView
  emulateUnlessSupported={true}
  style={
    Array [
      Object {
        "flex": 1,
      },
      undefined,
    ]
  }
>
  <View
    noFlex={false}
    style={
      Array [
        Object {
          "flexBasis": 0,
          "flexGrow": 1,
          "flexShrink": 1,
          "paddingLeft": "15%",
          "paddingRight": "15%",
        },
      ]
    }
  >
    <View
      style={
        Array [
          Object {
            "paddingBottom": 15.680000000000001,
            "paddingLeft": 15.680000000000001,
            "paddingRight": 15.680000000000001,
            "paddingTop": 15.680000000000001,
          },
        ]
      }
    >
      <View
        style={
          Object {
            "alignItems": "center",
            "paddingVertical": 22.400000000000002,
          }
        }
      >
        <View>
          <RNSVGSvgView
            align="xMidYMid"
            bbHeight={187.5}
            bbWidth={187.5}
            focusable={false}
            height={187.5}
            meetOrSlice={0}
            minX={0}
            minY={0}
            style={
              Array [
                Object {
                  "backgroundColor": "transparent",
                  "borderWidth": 0,
                },
                Object {
                  "flex": 0,
                  "height": 187,
                  "width": 187,
                },
              ]
            }
            vbHeight={140}
            vbWidth={140}
            version={1.1}
            width={187.5}
            xml="
  <?xml version=\\"1.0\\" encoding=\\"UTF-8\\"?>
  <svg width=\\"140px\\" height=\\"140px\\" viewBox=\\"0 0 140 140\\" version=\\"1.1\\" xmlns=\\"http://www.w3.org/2000/svg\\" xmlns:xlink=\\"http://www.w3.org/1999/xlink\\">
      <title>image/ EmptyState</title>
      <g id=\\"App-Screens\\" stroke=\\"none\\" stroke-width=\\"1\\" fill=\\"none\\" fill-rule=\\"evenodd\\">
          <g id=\\"SVS-Ticket_#308-Home\\" transform=\\"translate(-117.000000, -333.000000)\\" fill=\\"#A2A2A2\\">
              <g id=\\"Combined-Shape\\" transform=\\"translate(118.000000, 334.000000)\\">
                  <path d=\\"M69,-0.70865 C107.499024,-0.70865 138.70865,30.5009757 138.70865,69 C138.70865,107.499024 107.499024,138.70865 69,138.70865 C30.5009757,138.70865 -0.70865,107.499024 -0.70865,69 C-0.70865,30.5009757 30.5009757,-0.70865 69,-0.70865 Z M69,0.70865 C31.2837289,0.70865 0.70865,31.2837289 0.70865,69 C0.70865,106.716271 31.2837289,137.29135 69,137.29135 C106.716271,137.29135 137.29135,106.716271 137.29135,69 C137.29135,31.2837289 106.716271,0.70865 69,0.70865 Z M84.4805039,125.185634 C84.6996781,125.185634 84.8773539,125.363309 84.8773539,125.582484 C84.8773539,125.774261 84.7413209,125.934266 84.560483,125.971271 L84.4805039,125.979334 L66.1439712,125.979334 C65.924797,125.979334 65.7471212,125.801658 65.7471212,125.582484 C65.7471212,125.390706 65.8831542,125.230701 66.0639921,125.193696 L66.1439712,125.185634 L84.4805039,125.185634 Z M77.3197361,121.129245 C77.5389103,121.129245 77.7165861,121.306921 77.7165861,121.526095 C77.7165861,121.717872 77.580553,121.877877 77.3997152,121.914882 L77.3197361,121.922945 L53.4367127,121.922945 C53.2175385,121.922945 53.0398627,121.745269 53.0398627,121.526095 C53.0398627,121.334317 53.1758957,121.174312 53.3567335,121.137307 L53.4367127,121.129245 L77.3197361,121.129245 Z M90.9790042,118.645741 C91.1981784,118.645741 91.3758542,118.823417 91.3758542,119.042591 C91.3758542,119.234369 91.2398212,119.394374 91.0589833,119.431379 L90.9790042,119.439441 L72.6838632,119.439441 C72.464689,119.439441 72.2870132,119.261766 72.2870132,119.042591 C72.2870132,118.850814 72.4230463,118.690809 72.6038841,118.653804 L72.6838632,118.645741 L90.9790042,118.645741 Z M89.8845168,33.2597511 C90.5918734,28.0101333 95.1503482,24.2579851 100.206865,24.8346054 L100.206865,24.8346054 L100.403387,24.8613809 C101.802303,25.0805711 103.688753,25.9649276 105.998619,27.3987066 L105.998619,27.3987066 L106.670047,27.8232081 C106.783854,27.8964167 106.898607,27.9708462 107.014299,28.046484 L107.014299,28.046484 L107.719668,28.5147115 C108.506561,29.0446225 109.322855,29.61952 110.162244,30.2326501 C111.756849,31.3974259 113.360081,32.6442261 114.894084,33.8909313 L114.894084,33.8909313 L115.5152,34.3989419 L116.47821,35.200616 L117.654259,36.2084692 L116.788919,36.7074743 L115.57131,37.3931876 L114.523021,37.9660069 L113.195904,38.673417 C111.807227,39.4032617 110.395057,40.1123355 109.000639,40.7706095 L109.000639,40.7706095 L108.132217,41.1751387 C107.989515,41.2406851 107.847839,41.3052859 107.707201,41.368929 L107.707201,41.368929 L106.87592,41.7391972 C106.739481,41.7989608 106.604103,41.8577423 106.469799,41.9155297 L106.469799,41.9155297 L105.676954,42.2502278 C105.28707,42.4115151 104.907064,42.5636372 104.537261,42.7062667 L104.537261,42.7062667 L103.811354,42.9787718 C101.318961,43.8875623 99.3370655,44.3205242 97.976698,44.1653946 C93.3109622,43.633337 89.8778654,39.5653543 89.7928066,34.8162368 C87.2320086,35.8638611 84.792045,37.5127566 82.6951504,39.7058084 L83.319,40.414 L91.6223415,43.4150711 L100.393343,50.5360824 L98.8777015,60.1677415 L94.553,57.384 L86.637,57.801 L83.6065774,68.3876833 L75.558,74.474 L75.8758416,83.0061458 L75.76,88.191 L85.4269589,94.2544119 L82.83735,98.90235 L82.8503414,98.9463517 L82.80635,98.95835 L77.8487726,107.859694 L60.032818,110.249639 L57.25,104.898 L49.9574902,102.703189 L40.9624259,84.4968327 L48.3310155,78.4473116 L58.173,79.456 L61.283,70.815 L60.0297092,58.1903028 L67.622,48.516 L64.492,42.519 L57.3306942,40.3090083 L60.5661946,32.3892759 L75.5128928,31.5589038 L81.7541447,38.6401115 C84.0976976,36.2147615 86.8446326,34.4164587 89.7277297,33.3177912 Z M50.658,87.241 L44.41235,88.28235 L50.954,101.523 L58.2321863,103.714832 L60.83,108.712 L76.956,106.549 L80.88335,99.49735 L66.7999715,103.440455 L63.218,97.271 L55.5019688,94.505895 L50.658,87.241 Z M61.38635,34.12235 L59.228,39.411 L65.4765143,41.3398798 L69.3017529,48.6715871 L61.496,58.617 L62.7258111,70.9933523 L59.131122,80.9785997 L48.774,79.917 L42.731,84.878 L43.75635,86.95435 L51.3300683,85.6929704 L56.421,93.329 L64.1847258,96.1113053 L67.474,101.779 L81.85435,97.75235 L83.534,94.74 L74.3257766,88.9648254 L74.4592112,83.016875 L74.1142849,73.7900976 L82.374,67.542 L85.5526382,56.4394789 L93.51935,56.02035 L91.874,53.333 L83.4405736,53.6541022 L71.761053,48.7660065 L70.217,39.711 L61.38635,34.12235 Z M116.434913,88.5539598 C116.654087,88.5539598 116.831763,88.7316356 116.831763,88.9508098 C116.831763,89.1425873 116.69573,89.3025925 116.514892,89.3395973 L116.434913,89.3476598 L100.913017,89.3476598 C100.693843,89.3476598 100.516167,89.169984 100.516167,88.9508098 C100.516167,88.7590324 100.6522,88.5990272 100.833038,88.5620224 L100.913017,88.5539598 L116.434913,88.5539598 Z M71.1492995,60.6754269 L72.3971912,61.3473686 L68.135,69.262 L68.135,78.95 L69.9862544,88.8202138 L68.5932297,89.0814059 L66.7306022,79.1473927 L66.7184646,79.0167966 L66.7184646,68.9041203 L71.1492995,60.6754269 Z M122.022795,85.7393228 C122.24197,85.7393228 122.419645,85.9169986 122.419645,86.1361728 C122.419645,86.3279502 122.283612,86.4879554 122.102775,86.5249602 L122.022795,86.5330228 L108.363527,86.5330228 C108.144353,86.5330228 107.966677,86.355347 107.966677,86.1361728 C107.966677,85.9443953 108.10271,85.7843901 108.283548,85.7473853 L108.363527,85.7393228 L122.022795,85.7393228 Z M67.3900254,58.8855842 L68.7059554,59.4119562 L66.263,65.517 L65.6505743,74.3884005 L64.2366483,74.2906637 L64.8575241,65.3086601 L64.9065221,65.0943425 L67.3900254,58.8855842 Z M44.7858428,68.3547997 C45.005017,68.3547997 45.1826928,68.5324755 45.1826928,68.7516497 C45.1826928,68.9434271 45.0466598,69.1034323 44.8658219,69.1404371 L44.7858428,69.1484997 L14.6112777,69.1484997 C14.3921035,69.1484997 14.2144277,68.9708239 14.2144277,68.7516497 C14.2144277,68.5598722 14.3504608,68.399867 14.5312986,68.3628623 L14.6112777,68.3547997 L44.7858428,68.3547997 Z M36.3419316,65.8712964 C36.5611058,65.8712964 36.7387816,66.0489722 36.7387816,66.2681464 C36.7387816,66.4599238 36.6027486,66.619929 36.4219107,66.6569338 L36.3419316,66.6649964 L7.16076785,66.6649964 C6.94159364,66.6649964 6.76391785,66.4873206 6.76391785,66.2681464 C6.76391785,66.0763689 6.89995088,65.9163637 7.08078873,65.879359 L7.16076785,65.8712964 L36.3419316,65.8712964 Z M74.905,33.012 L63.30035,33.65535 L71.5081722,38.8506577 L73.027,47.76 L83.697,52.225 L92.6498417,51.8849449 L95.26535,56.15735 L97.815,57.798 L98.866,51.121 L90.917,44.667 L82.4960564,41.6239686 L81.7425182,40.7683116 C81.3924215,41.1847567 81.0540739,41.6178608 80.7286949,42.0673165 L80.5082158,42.3772288 L79.3466133,41.5651827 C79.8044819,40.9102183 80.288356,40.2863794 80.795081,39.6945229 L74.905,33.012 Z M77.0286962,38.8710056 L80.541,43.828 L83.9010198,43.8288425 L83.9010198,45.2461425 L79.8094058,45.2461425 L75.8723236,39.6904821 L77.0286962,38.8710056 Z M100.046284,26.2427791 C95.995131,25.7808055 92.2987431,28.626525 91.4093297,32.7605783 C96.1438938,31.4238967 101.099832,31.9559284 105.145009,34.6642782 L105.417605,34.8510615 L104.603991,36.011566 C100.72479,33.2919087 95.8433126,32.8263401 91.2157353,34.29808 C91.0502131,38.5682083 94.0423864,42.2902595 98.1372792,42.7572209 C99.3231987,42.8924574 101.289635,42.4189087 103.811006,41.4630488 L103.811006,41.4630488 L104.512243,41.1904966 C104.631352,41.1431099 104.751565,41.0947505 104.872862,41.0454301 L104.872862,41.0454301 L105.613468,40.7380726 L106.379048,40.4082241 L107.168588,40.0564547 L107.981068,39.6833348 L108.395594,39.4889464 C110.114386,38.677543 111.863867,37.7861669 113.561608,36.8740787 L113.561608,36.8740787 L114.232142,36.5113829 L115.199,35.978 L114.61413,35.492931 L114.000203,34.9908026 C112.483843,33.7584364 110.899294,32.526165 109.326254,31.3771408 C108.500817,30.7742026 107.699146,30.2096038 106.928002,29.6902982 C106.815521,29.6145513 106.7039,29.5399125 106.593155,29.4663952 L106.593155,29.4663952 L105.939351,29.0388571 L105.307443,28.6388806 L104.698285,28.2671106 C104.598702,28.2075354 104.500102,28.1491623 104.402503,28.0920047 L104.402503,28.0920047 L103.829068,27.7637543 C102.239183,26.8756507 100.948918,26.3466222 100.046284,26.2427791 Z M29.1516564,24.8468721 C29.2805056,24.2670503 30.0226829,24.0934896 30.3952953,24.5560428 L30.3952953,24.5560428 L31.352,25.744 L32.8712343,25.5792428 C33.4283154,25.5186905 33.8176992,26.0909333 33.593704,26.5763543 L33.593704,26.5763543 L33.5444081,26.6661776 L32.712,27.963 L33.3094205,29.3573218 C33.5266938,29.8642928 33.1093817,30.3991358 32.5855361,30.3418047 L32.5855361,30.3418047 L32.4861955,30.3239642 L31.02,29.957 L29.8493057,30.9609626 C29.4323479,31.318355 28.7997696,31.0838728 28.6944326,30.5696691 L28.6944326,30.5696691 L28.6810419,30.4700541 L28.58,28.971 L27.2782684,28.1704143 C26.8122392,27.8836271 26.8403788,27.2135175 27.2929714,26.9540525 L27.2929714,26.9540525 L27.3891286,26.90787 L28.819,26.342 Z M30.215,26.593 L30.1212891,27.0169551 C30.0702793,27.246499 29.9087297,27.4357915 29.6900556,27.522244 L29.6900556,27.522244 L29.227,27.705 L29.6353489,27.9567603 C29.8027845,28.0597976 29.9185994,28.2268344 29.9578804,28.416577 L29.9578804,28.416577 L29.9710277,28.5131492 L30.001,28.963 L30.3756493,28.6431166 C30.5209357,28.5185854 30.7090003,28.4591504 30.8965696,28.4750271 L30.8965696,28.4750271 L31.0087055,28.4936723 L31.443,28.602 L31.2616653,28.1771713 C31.1845337,27.9971977 31.1859207,27.7951163 31.2619072,27.6182797 L31.2619072,27.6182797 L31.3164197,27.515586 L31.551,27.148 L31.1203674,27.1952023 C30.9145773,27.2175708 30.7111665,27.1487891 30.5618426,27.0102453 L30.5618426,27.0102453 L30.4919273,26.9352589 L30.215,26.593 Z M56.6867168,13.5320347 C57.0191892,14.0639906 57.1247173,14.6648169 57.0879342,15.3928522 L57.0713578,15.6349019 L57.0442645,15.8979719 L56.9655663,16.5293343 L56.9404035,16.7714728 L56.9227563,17.029699 L56.9219238,17.1415109 L56.9278645,17.2127705 C56.9322464,17.239365 56.9385341,17.2532334 56.9457766,17.2580976 L56.9678288,17.266731 C56.9723752,17.2674674 56.9774358,17.2678119 56.9831284,17.2677035 L57.0258106,17.2611311 L57.0893181,17.2407631 L57.1793084,17.2036728 L57.3763246,17.1102812 L57.9172463,16.829556 L58.4004522,16.5699809 C59.5684313,15.938209 60.4477564,15.6495102 61.486705,15.7265276 C63.3887984,15.891927 64.8724075,17.309598 66.2135412,19.5448207 C66.4149028,19.8804234 66.3060789,20.3157189 65.9704762,20.5170805 C65.6348736,20.7184421 65.1995781,20.6096182 64.9982165,20.2740155 C63.8726622,18.3980917 62.6736725,17.2523905 61.3729658,17.1392273 C60.7373644,17.0921457 60.1336706,17.2690362 59.3061793,17.6944068 L58.4102982,18.181921 C58.1463592,18.3240867 57.9414648,18.4238055 57.7432494,18.5014006 C57.1409141,18.7371957 56.6106152,18.7514505 56.1480035,18.4294645 C55.5790205,18.0501425 55.44712,17.6697046 55.5142789,16.7949213 L55.5483295,16.4427418 L55.6481528,15.6280881 L55.6665563,15.4194838 C55.6688439,15.3865779 55.6707839,15.3541089 55.6724397,15.321336 C55.6959075,14.8568455 55.6382678,14.5286725 55.4922101,14.2947311 C55.1656401,13.7939905 54.3394451,13.4958399 52.8787979,13.5116779 L52.4440896,13.5248432 L51.9741545,13.5556737 C51.486373,13.5955292 50.9447031,13.6627486 50.346,13.7599301 L49.7281694,13.8671952 C49.6219904,13.8867694 49.5141979,13.9071998 49.4047775,13.9284987 L48.7286035,14.0668085 C48.6126132,14.0916289 48.4949658,14.1173418 48.3756468,14.1439591 C47.9936593,14.2291717 47.6149188,13.9885881 47.5297062,13.6066006 C47.4444936,13.2246131 47.6850772,12.8458726 48.0670647,12.76066 L48.4332672,12.6806786 L49.1403283,12.5366172 C49.3704222,12.492119 49.5949489,12.4511355 49.8139862,12.4136441 L50.4547073,12.3116232 C53.8889527,11.8078772 55.8498627,12.248659 56.6867168,13.5320347 Z\\"></path>
              </g>
          </g>
      </g>
  </svg>
"
            xmlns="http://www.w3.org/2000/svg"
            xmlnsXlink="http://www.w3.org/1999/xlink"
          >
            <RNSVGGroup>
              <RNSVGGroup
                fill={null}
                fillRule={0}
                name="App-Screens"
                propList={
                  Array [
                    "fill",
                    "fillRule",
                    "stroke",
                    "strokeWidth",
                  ]
                }
                stroke={null}
                strokeWidth={1}
              >
                <RNSVGGroup
                  fill={4288848546}
                  matrix={
                    Array [
                      1,
                      0,
                      0,
                      1,
                      -117,
                      -333,
                    ]
                  }
                  name="SVS-Ticket_#308-Home"
                  propList={
                    Array [
                      "fill",
                    ]
                  }
                >
                  <RNSVGGroup
                    matrix={
                      Array [
                        1,
                        0,
                        0,
                        1,
                        118,
                        334,
                      ]
                    }
                    name="Combined-Shape"
                  >
                    <RNSVGPath
                      d="M69,-0.70865 C107.499024,-0.70865 138.70865,30.5009757 138.70865,69 C138.70865,107.499024 107.499024,138.70865 69,138.70865 C30.5009757,138.70865 -0.70865,107.499024 -0.70865,69 C-0.70865,30.5009757 30.5009757,-0.70865 69,-0.70865 Z M69,0.70865 C31.2837289,0.70865 0.70865,31.2837289 0.70865,69 C0.70865,106.716271 31.2837289,137.29135 69,137.29135 C106.716271,137.29135 137.29135,106.716271 137.29135,69 C137.29135,31.2837289 106.716271,0.70865 69,0.70865 Z M84.4805039,125.185634 C84.6996781,125.185634 84.8773539,125.363309 84.8773539,125.582484 C84.8773539,125.774261 84.7413209,125.934266 84.560483,125.971271 L84.4805039,125.979334 L66.1439712,125.979334 C65.924797,125.979334 65.7471212,125.801658 65.7471212,125.582484 C65.7471212,125.390706 65.8831542,125.230701 66.0639921,125.193696 L66.1439712,125.185634 L84.4805039,125.185634 Z M77.3197361,121.129245 C77.5389103,121.129245 77.7165861,121.306921 77.7165861,121.526095 C77.7165861,121.717872 77.580553,121.877877 77.3997152,121.914882 L77.3197361,121.922945 L53.4367127,121.922945 C53.2175385,121.922945 53.0398627,121.745269 53.0398627,121.526095 C53.0398627,121.334317 53.1758957,121.174312 53.3567335,121.137307 L53.4367127,121.129245 L77.3197361,121.129245 Z M90.9790042,118.645741 C91.1981784,118.645741 91.3758542,118.823417 91.3758542,119.042591 C91.3758542,119.234369 91.2398212,119.394374 91.0589833,119.431379 L90.9790042,119.439441 L72.6838632,119.439441 C72.464689,119.439441 72.2870132,119.261766 72.2870132,119.042591 C72.2870132,118.850814 72.4230463,118.690809 72.6038841,118.653804 L72.6838632,118.645741 L90.9790042,118.645741 Z M89.8845168,33.2597511 C90.5918734,28.0101333 95.1503482,24.2579851 100.206865,24.8346054 L100.206865,24.8346054 L100.403387,24.8613809 C101.802303,25.0805711 103.688753,25.9649276 105.998619,27.3987066 L105.998619,27.3987066 L106.670047,27.8232081 C106.783854,27.8964167 106.898607,27.9708462 107.014299,28.046484 L107.014299,28.046484 L107.719668,28.5147115 C108.506561,29.0446225 109.322855,29.61952 110.162244,30.2326501 C111.756849,31.3974259 113.360081,32.6442261 114.894084,33.8909313 L114.894084,33.8909313 L115.5152,34.3989419 L116.47821,35.200616 L117.654259,36.2084692 L116.788919,36.7074743 L115.57131,37.3931876 L114.523021,37.9660069 L113.195904,38.673417 C111.807227,39.4032617 110.395057,40.1123355 109.000639,40.7706095 L109.000639,40.7706095 L108.132217,41.1751387 C107.989515,41.2406851 107.847839,41.3052859 107.707201,41.368929 L107.707201,41.368929 L106.87592,41.7391972 C106.739481,41.7989608 106.604103,41.8577423 106.469799,41.9155297 L106.469799,41.9155297 L105.676954,42.2502278 C105.28707,42.4115151 104.907064,42.5636372 104.537261,42.7062667 L104.537261,42.7062667 L103.811354,42.9787718 C101.318961,43.8875623 99.3370655,44.3205242 97.976698,44.1653946 C93.3109622,43.633337 89.8778654,39.5653543 89.7928066,34.8162368 C87.2320086,35.8638611 84.792045,37.5127566 82.6951504,39.7058084 L83.319,40.414 L91.6223415,43.4150711 L100.393343,50.5360824 L98.8777015,60.1677415 L94.553,57.384 L86.637,57.801 L83.6065774,68.3876833 L75.558,74.474 L75.8758416,83.0061458 L75.76,88.191 L85.4269589,94.2544119 L82.83735,98.90235 L82.8503414,98.9463517 L82.80635,98.95835 L77.8487726,107.859694 L60.032818,110.249639 L57.25,104.898 L49.9574902,102.703189 L40.9624259,84.4968327 L48.3310155,78.4473116 L58.173,79.456 L61.283,70.815 L60.0297092,58.1903028 L67.622,48.516 L64.492,42.519 L57.3306942,40.3090083 L60.5661946,32.3892759 L75.5128928,31.5589038 L81.7541447,38.6401115 C84.0976976,36.2147615 86.8446326,34.4164587 89.7277297,33.3177912 Z M50.658,87.241 L44.41235,88.28235 L50.954,101.523 L58.2321863,103.714832 L60.83,108.712 L76.956,106.549 L80.88335,99.49735 L66.7999715,103.440455 L63.218,97.271 L55.5019688,94.505895 L50.658,87.241 Z M61.38635,34.12235 L59.228,39.411 L65.4765143,41.3398798 L69.3017529,48.6715871 L61.496,58.617 L62.7258111,70.9933523 L59.131122,80.9785997 L48.774,79.917 L42.731,84.878 L43.75635,86.95435 L51.3300683,85.6929704 L56.421,93.329 L64.1847258,96.1113053 L67.474,101.779 L81.85435,97.75235 L83.534,94.74 L74.3257766,88.9648254 L74.4592112,83.016875 L74.1142849,73.7900976 L82.374,67.542 L85.5526382,56.4394789 L93.51935,56.02035 L91.874,53.333 L83.4405736,53.6541022 L71.761053,48.7660065 L70.217,39.711 L61.38635,34.12235 Z M116.434913,88.5539598 C116.654087,88.5539598 116.831763,88.7316356 116.831763,88.9508098 C116.831763,89.1425873 116.69573,89.3025925 116.514892,89.3395973 L116.434913,89.3476598 L100.913017,89.3476598 C100.693843,89.3476598 100.516167,89.169984 100.516167,88.9508098 C100.516167,88.7590324 100.6522,88.5990272 100.833038,88.5620224 L100.913017,88.5539598 L116.434913,88.5539598 Z M71.1492995,60.6754269 L72.3971912,61.3473686 L68.135,69.262 L68.135,78.95 L69.9862544,88.8202138 L68.5932297,89.0814059 L66.7306022,79.1473927 L66.7184646,79.0167966 L66.7184646,68.9041203 L71.1492995,60.6754269 Z M122.022795,85.7393228 C122.24197,85.7393228 122.419645,85.9169986 122.419645,86.1361728 C122.419645,86.3279502 122.283612,86.4879554 122.102775,86.5249602 L122.022795,86.5330228 L108.363527,86.5330228 C108.144353,86.5330228 107.966677,86.355347 107.966677,86.1361728 C107.966677,85.9443953 108.10271,85.7843901 108.283548,85.7473853 L108.363527,85.7393228 L122.022795,85.7393228 Z M67.3900254,58.8855842 L68.7059554,59.4119562 L66.263,65.517 L65.6505743,74.3884005 L64.2366483,74.2906637 L64.8575241,65.3086601 L64.9065221,65.0943425 L67.3900254,58.8855842 Z M44.7858428,68.3547997 C45.005017,68.3547997 45.1826928,68.5324755 45.1826928,68.7516497 C45.1826928,68.9434271 45.0466598,69.1034323 44.8658219,69.1404371 L44.7858428,69.1484997 L14.6112777,69.1484997 C14.3921035,69.1484997 14.2144277,68.9708239 14.2144277,68.7516497 C14.2144277,68.5598722 14.3504608,68.399867 14.5312986,68.3628623 L14.6112777,68.3547997 L44.7858428,68.3547997 Z M36.3419316,65.8712964 C36.5611058,65.8712964 36.7387816,66.0489722 36.7387816,66.2681464 C36.7387816,66.4599238 36.6027486,66.619929 36.4219107,66.6569338 L36.3419316,66.6649964 L7.16076785,66.6649964 C6.94159364,66.6649964 6.76391785,66.4873206 6.76391785,66.2681464 C6.76391785,66.0763689 6.89995088,65.9163637 7.08078873,65.879359 L7.16076785,65.8712964 L36.3419316,65.8712964 Z M74.905,33.012 L63.30035,33.65535 L71.5081722,38.8506577 L73.027,47.76 L83.697,52.225 L92.6498417,51.8849449 L95.26535,56.15735 L97.815,57.798 L98.866,51.121 L90.917,44.667 L82.4960564,41.6239686 L81.7425182,40.7683116 C81.3924215,41.1847567 81.0540739,41.6178608 80.7286949,42.0673165 L80.5082158,42.3772288 L79.3466133,41.5651827 C79.8044819,40.9102183 80.288356,40.2863794 80.795081,39.6945229 L74.905,33.012 Z M77.0286962,38.8710056 L80.541,43.828 L83.9010198,43.8288425 L83.9010198,45.2461425 L79.8094058,45.2461425 L75.8723236,39.6904821 L77.0286962,38.8710056 Z M100.046284,26.2427791 C95.995131,25.7808055 92.2987431,28.626525 91.4093297,32.7605783 C96.1438938,31.4238967 101.099832,31.9559284 105.145009,34.6642782 L105.417605,34.8510615 L104.603991,36.011566 C100.72479,33.2919087 95.8433126,32.8263401 91.2157353,34.29808 C91.0502131,38.5682083 94.0423864,42.2902595 98.1372792,42.7572209 C99.3231987,42.8924574 101.289635,42.4189087 103.811006,41.4630488 L103.811006,41.4630488 L104.512243,41.1904966 C104.631352,41.1431099 104.751565,41.0947505 104.872862,41.0454301 L104.872862,41.0454301 L105.613468,40.7380726 L106.379048,40.4082241 L107.168588,40.0564547 L107.981068,39.6833348 L108.395594,39.4889464 C110.114386,38.677543 111.863867,37.7861669 113.561608,36.8740787 L113.561608,36.8740787 L114.232142,36.5113829 L115.199,35.978 L114.61413,35.492931 L114.000203,34.9908026 C112.483843,33.7584364 110.899294,32.526165 109.326254,31.3771408 C108.500817,30.7742026 107.699146,30.2096038 106.928002,29.6902982 C106.815521,29.6145513 106.7039,29.5399125 106.593155,29.4663952 L106.593155,29.4663952 L105.939351,29.0388571 L105.307443,28.6388806 L104.698285,28.2671106 C104.598702,28.2075354 104.500102,28.1491623 104.402503,28.0920047 L104.402503,28.0920047 L103.829068,27.7637543 C102.239183,26.8756507 100.948918,26.3466222 100.046284,26.2427791 Z M29.1516564,24.8468721 C29.2805056,24.2670503 30.0226829,24.0934896 30.3952953,24.5560428 L30.3952953,24.5560428 L31.352,25.744 L32.8712343,25.5792428 C33.4283154,25.5186905 33.8176992,26.0909333 33.593704,26.5763543 L33.593704,26.5763543 L33.5444081,26.6661776 L32.712,27.963 L33.3094205,29.3573218 C33.5266938,29.8642928 33.1093817,30.3991358 32.5855361,30.3418047 L32.5855361,30.3418047 L32.4861955,30.3239642 L31.02,29.957 L29.8493057,30.9609626 C29.4323479,31.318355 28.7997696,31.0838728 28.6944326,30.5696691 L28.6944326,30.5696691 L28.6810419,30.4700541 L28.58,28.971 L27.2782684,28.1704143 C26.8122392,27.8836271 26.8403788,27.2135175 27.2929714,26.9540525 L27.2929714,26.9540525 L27.3891286,26.90787 L28.819,26.342 Z M30.215,26.593 L30.1212891,27.0169551 C30.0702793,27.246499 29.9087297,27.4357915 29.6900556,27.522244 L29.6900556,27.522244 L29.227,27.705 L29.6353489,27.9567603 C29.8027845,28.0597976 29.9185994,28.2268344 29.9578804,28.416577 L29.9578804,28.416577 L29.9710277,28.5131492 L30.001,28.963 L30.3756493,28.6431166 C30.5209357,28.5185854 30.7090003,28.4591504 30.8965696,28.4750271 L30.8965696,28.4750271 L31.0087055,28.4936723 L31.443,28.602 L31.2616653,28.1771713 C31.1845337,27.9971977 31.1859207,27.7951163 31.2619072,27.6182797 L31.2619072,27.6182797 L31.3164197,27.515586 L31.551,27.148 L31.1203674,27.1952023 C30.9145773,27.2175708 30.7111665,27.1487891 30.5618426,27.0102453 L30.5618426,27.0102453 L30.4919273,26.9352589 L30.215,26.593 Z M56.6867168,13.5320347 C57.0191892,14.0639906 57.1247173,14.6648169 57.0879342,15.3928522 L57.0713578,15.6349019 L57.0442645,15.8979719 L56.9655663,16.5293343 L56.9404035,16.7714728 L56.9227563,17.029699 L56.9219238,17.1415109 L56.9278645,17.2127705 C56.9322464,17.239365 56.9385341,17.2532334 56.9457766,17.2580976 L56.9678288,17.266731 C56.9723752,17.2674674 56.9774358,17.2678119 56.9831284,17.2677035 L57.0258106,17.2611311 L57.0893181,17.2407631 L57.1793084,17.2036728 L57.3763246,17.1102812 L57.9172463,16.829556 L58.4004522,16.5699809 C59.5684313,15.938209 60.4477564,15.6495102 61.486705,15.7265276 C63.3887984,15.891927 64.8724075,17.309598 66.2135412,19.5448207 C66.4149028,19.8804234 66.3060789,20.3157189 65.9704762,20.5170805 C65.6348736,20.7184421 65.1995781,20.6096182 64.9982165,20.2740155 C63.8726622,18.3980917 62.6736725,17.2523905 61.3729658,17.1392273 C60.7373644,17.0921457 60.1336706,17.2690362 59.3061793,17.6944068 L58.4102982,18.181921 C58.1463592,18.3240867 57.9414648,18.4238055 57.7432494,18.5014006 C57.1409141,18.7371957 56.6106152,18.7514505 56.1480035,18.4294645 C55.5790205,18.0501425 55.44712,17.6697046 55.5142789,16.7949213 L55.5483295,16.4427418 L55.6481528,15.6280881 L55.6665563,15.4194838 C55.6688439,15.3865779 55.6707839,15.3541089 55.6724397,15.321336 C55.6959075,14.8568455 55.6382678,14.5286725 55.4922101,14.2947311 C55.1656401,13.7939905 54.3394451,13.4958399 52.8787979,13.5116779 L52.4440896,13.5248432 L51.9741545,13.5556737 C51.486373,13.5955292 50.9447031,13.6627486 50.346,13.7599301 L49.7281694,13.8671952 C49.6219904,13.8867694 49.5141979,13.9071998 49.4047775,13.9284987 L48.7286035,14.0668085 C48.6126132,14.0916289 48.4949658,14.1173418 48.3756468,14.1439591 C47.9936593,14.2291717 47.6149188,13.9885881 47.5297062,13.6066006 C47.4444936,13.2246131 47.6850772,12.8458726 48.0670647,12.76066 L48.4332672,12.6806786 L49.1403283,12.5366172 C49.3704222,12.492119 49.5949489,12.4511355 49.8139862,12.4136441 L50.4547073,12.3116232 C53.8889527,11.8078772 55.8498627,12.248659 56.6867168,13.5320347 Z"
                    />
                  </RNSVGGroup>
                </RNSVGGroup>
              </RNSVGGroup>
            </RNSVGGroup>
          </RNSVGSvgView>
        </View>
      </View>
      <Text
        center={true}
        placeholder={true}
        small={true}
        style={
          Array [
            Object {
              "color": "#A2A2A2",
              "fontFamily": "regular",
              "fontSize": 15.680000000000001,
              "lineHeight": 20.160000000000004,
              "textAlign": "center",
              "textDecorationColor": "#A2A2A2",
            },
          ]
        }
      >
        Schade, es wurde kein passender Inhalt gefunden, bitte zu einem späteren Zeitpunkt erneut versuchen.
      </Text>
    </View>
  </View>
</RCTSafeAreaView>
`;
