// Jest Snapshot v1, https://goo.gl/fbAQLP

exports[`IndexScreen renders correctly 1`] = `null`;
