// Jest Snapshot v1, https://goo.gl/fbAQLP

exports[`AppStackNavigator creates correctly 1`] = `undefined`;
