// Jest Snapshot v1, https://goo.gl/fbAQLP

exports[`CustomDrawerContentComponent creates correctly 1`] = `[Function]`;
